
Discarded input sections

 .comment       0x0000000000000000       0x12 obj/main.o
 .note.GNU-stack
                0x0000000000000000        0x0 obj/main.o
 .note.gnu.property
                0x0000000000000000       0x30 obj/main.o

Memory Configuration

Name             Origin             Length             Attributes
*default*        0x0000000000000000 0xffffffffffffffff

Linker script and memory map

LOAD obj/main.o
LOAD /tmp/smoloutx8e4oyvq.o
                0x0000000000010000                . = 0x10000
                0x0000000000010000                _smol_origin = .

.header         0x0000000000010000       0xe0
 *(.header)
 .header        0x0000000000010000       0xe0 /tmp/smoloutx8e4oyvq.o
                0x0000000000010000                _EHDR
                0x0000000000010038                _PHDR
                0x0000000000010088                _INTERP

.dynamic        0x00000000000100e0      0x151
 *(.dynamic .rodata.dynamic .interp)
 .dynamic       0x00000000000100e0       0x60 /tmp/smoloutx8e4oyvq.o
                0x00000000000100e0                _DYNAMIC
 *(.dynsym .dynstr)
 .dynsym        0x0000000000010140        0x5 /tmp/smoloutx8e4oyvq.o
                0x0000000000010140                _dynsym
 .dynstr        0x0000000000010145       0xdc /tmp/smoloutx8e4oyvq.o
                0x0000000000010145                _dynstr
 *(.rela.plt)
 .rela.plt      0x0000000000010221       0x10 /tmp/smoloutx8e4oyvq.o
                0x0000000000010221                _rela_plt
                0x0000000000010231                _smol_data_start = .
                0x0000000000000231                _smol_data_off = (_smol_data_start - _smol_origin)

.data           0x0000000000010231        0x8
 *(.data.smolgot .data.got.plt)
 *(.data.got.plt.start)
 *(.data.got.plt)
 *(.data .data.* .tdata .tdata.*)
 .data          0x0000000000010231        0x0 obj/main.o
 .data.shader_frag
                0x0000000000010231        0x8 obj/main.o
                0x0000000000010239                _smol_data_end = .
                0x0000000000000008                _smol_data_size = (_smol_data_end - _smol_data_start)
                0x0000000000000239                _smol_dataandheader_size = (_smol_data_end - _smol_origin)
                0x00000000000002f1                _smol_dataandheaderandbss_size = (_smol_dataandheader_size + _smol_bss_size)
                0x0000000000010239                _smol_text_start = .
                0x0000000000000239                _smol_text_off = (_smol_text_start - _smol_origin)

.text           0x0000000000010239      0x148
 *(.rdata .rdata.* .rodata .rodata.*)
 .rodata.str1.1
                0x0000000000010239       0x32 obj/main.o
 *(.text.startup.smol)
 .text.startup.smol
                0x000000000001026b       0x4e /tmp/smoloutx8e4oyvq.o
                0x0000000000010270                _smol_start
                0x00000000000102b9                _smol_rt_end
 *(.text.startup._start)
 .text.startup._start
                0x00000000000102b9       0xc8 obj/main.o
                0x00000000000102b9                _start
 *(.text .text.*)
 .text          0x0000000000010381        0x0 obj/main.o
                0x0000000000010381                _smol_text_end = .
                0x0000000000000148                _smol_text_size = (_smol_text_end - _smol_text_start)
                0x0000000000000381                _smol_total_filesize = (. - _smol_origin)
                0x0000000000010381                _smol_bss_start = .
                0x0000000000000381                _smol_bss_off = (_smol_bss_start - _smol_origin)

.bss            0x0000000000010381       0xb8
 *(.bss.got.plt)
 .bss.got.plt   0x0000000000010381       0x68 /tmp/smoloutx8e4oyvq.o
                0x0000000000010381                SDL_Init
                0x0000000000010389                SDL_CreateWindow
                0x0000000000010391                SDL_GL_CreateContext
                0x0000000000010399                SDL_PollEvent
                0x00000000000103a1                SDL_GL_SwapWindow
                0x00000000000103a9                glCreateShader
                0x00000000000103b1                glShaderSource
                0x00000000000103b9                glCompileShader
                0x00000000000103c1                glCreateProgram
                0x00000000000103c9                glAttachShader
                0x00000000000103d1                glLinkProgram
                0x00000000000103d9                glUseProgram
                0x00000000000103e1                glRecti
                0x00000000000103e9                _smolplt
 *(.bss .bss.* .tbss .tbss.* .sbss .sbss.*)
 .bss           0x00000000000103e9        0x0 obj/main.o
 .bss.event.60564
                0x00000000000103e9       0x38 obj/main.o
 .bss.got.plt.start
                0x0000000000010421       0x18 /tmp/smoloutx8e4oyvq.o
                0x0000000000010421                _GLOBAL_OFFSET_TABLE_
                0x0000000000010439                _smol_bss_end = .
                0x00000000000000b8                _smol_bss_size = (_smol_bss_end - _smol_bss_start)
                0x0000000000000439                _smol_total_memsize = (. - _smol_origin)

.stab
 *(.stab)

.stabstr
 *(.stabstr)

.stab.excl
 *(.stab.excl)

.stab.exclstr
 *(.stab.exclstr)

.stab.index
 *(.stab.index)

.stab.indexstr
 *(.stab.indexstr)

.debug
 *(.debug)

.line
 *(.line)

.debug_srcinfo
 *(.debug_srcinfo)

.debug_sfnames
 *(.debug_sfnames)

.debug_aranges
 *(.debug_aranges)

.debug_pubnames
 *(.debug_pubnames)

.debug_info
 *(.debug_info .gnu.linkonce.wi.*)

.debug_abbrev
 *(.debug_abbrev)

.debug_line
 *(.debug_line .debug_line.* .debug_line_end)

.debug_frame
 *(.debug_frame)

.debug_str
 *(.debug_str)

.debug_loc
 *(.debug_loc)

.debug_macinfo
 *(.debug_macinfo)

.debug_weaknames
 *(.debug_weaknames)

.debug_funcnames
 *(.debug_funcnames)

.debug_typenames
 *(.debug_typenames)

.debug_varnames
 *(.debug_varnames)

.debug_pubtypes
 *(.debug_pubtypes)

.debug_ranges
 *(.debug_ranges)

.debug_macro
 *(.debug_macro)

.debug_addr
 *(.debug_addr)

/DISCARD/
 *(.*)
OUTPUT(bin/main.smol binary)
