
Memory Configuration

Name             Origin             Length             Attributes
*default*        0x0000000000000000 0xffffffffffffffff

Linker script and memory map

LOAD main.o
LOAD stub.main.start.o
                0x0000000000010000                . = 0x10000
                0x0000000000010000                _smol_origin = .

.header         0x0000000000010000       0xe0
 *(.header)
 .header        0x0000000000010000       0xe0 stub.main.start.o
                0x00000000000100e0                _smol_text_start = .
                0x00000000000000e0                _smol_text_off = (_smol_text_start - _smol_origin)

.text           0x00000000000100e0      0x2b6
 *(.rodata.dynamic)
 .rodata.dynamic
                0x00000000000100e0       0x48 stub.main.start.o
                0x00000000000100e0                _DYNAMIC
 *(.rodata.interp .rodata.neededlibs)
 .rodata.interp
                0x0000000000010128       0x1c stub.main.start.o
 .rodata.neededlibs
                0x0000000000010144       0x1c stub.main.start.o
 *(.rdata .rdata.* .rodata .rodata.*)
 .rodata._start.str1.1
                0x0000000000010160        0x2 main.o
 .rodata.str1.1
                0x0000000000010162       0x7d main.o
 *fill*         0x00000000000101df        0x1 
 .rodata.cst4   0x00000000000101e0        0x4 main.o
 *(.text.startup.smol)
 .text.startup.smol
                0x00000000000101e4       0x97 stub.main.start.o
 *(.text.startup._start)
 *(.text .text.*)
 .text          0x000000000001027b        0x0 main.o
 .text._start   0x000000000001027b      0x11b main.o
                0x000000000001027b                _start
                0x0000000000010396                _smol_text_end = .
                0x00000000000002b6                _smol_text_size = (_smol_text_end - _smol_text_start)
                0x0000000000000396                _smol_textandheader_size = (_smol_text_end - _smol_origin)
                0x0000000000010396                _smol_data_start = .
                0x0000000000000396                _smol_data_off = (_smol_data_start - _smol_origin)

.data           0x0000000000010398       0x90
 *(.data.smolgot)
 .data.smolgot  0x0000000000010398       0x81 stub.main.start.o
                0x0000000000010398                SDL_Init
                0x00000000000103a0                SDL_GL_CreateContext
                0x00000000000103a8                SDL_GetTicks
                0x00000000000103b0                SDL_CreateWindow
                0x00000000000103b8                SDL_PollEvent
                0x00000000000103c0                SDL_GL_SwapWindow
                0x00000000000103c8                glCompileShader
                0x00000000000103d0                glLinkProgram
                0x00000000000103d8                glAttachShader
                0x00000000000103e0                glCreateProgram
                0x00000000000103e8                glShaderSource
                0x00000000000103f0                glUniform1fv
                0x00000000000103f8                glRecti
                0x0000000000010400                glCreateShader
                0x0000000000010408                glGetUniformLocation
                0x0000000000010410                glUseProgram
 *(.data .data.* .tdata .tdata.*)
 .data          0x0000000000010419        0x0 main.o
 *fill*         0x0000000000010419        0x7 
 .data.shader_frag
                0x0000000000010420        0x8 main.o
                0x0000000000010420                shader_frag

.dynamic
 *(.dynamic)

.dynstuff
 *(.symtab .strtab .shstrtab .rel.text .got.plt .gnu.linkonce.* .plt .plt.got .interp)
                0x0000000000010428                _smol_data_end = .
                0x0000000000000092                _smol_data_size = (_smol_data_end - _smol_data_start)
                0x0000000000000428                _smol_total_filesize = (. - _smol_origin)
                0x0000000000010428                _smol_bss_start = .
                0x0000000000000428                _smol_bss_off = (_smol_bss_start - _smol_origin)

.bss            0x0000000000010428        0x0
 *(.bss .bss.* .tbss .tbss.* .sbss .sbss.*)
 .bss           0x0000000000010428        0x0 main.o
                0x0000000000010428                _smol_bss_end = .
                0x0000000000000000                _smol_bss_size = (_smol_bss_end - _smol_bss_start)
                0x0000000000000092                _smol_dataandbss_size = (_smol_bss_end - _smol_data_start)

/DISCARD/
 *(.*)
                0x0000000000000428                _smol_total_memsize = (. - _smol_origin)
OUTPUT(main.smol binary)
